Voltage source current:
      Range  Source       Source        Location    Layer
      Index  Current      Name          (um)
      -----  --------     -------------------------------
         5   -1.8448e-03A   pad_vdd_3   380.41, 201.23  M5
         8   -1.1383e-03A   pad_vdd_2   380.41, 4.86  M5
         1   -2.7747e-03A   pad_vdd_1   4.86, 201.23  M5
         8   -9.5929e-04A   pad_vdd_0   4.86, 4.86  M5
         1   -2.6060e-03A   pad_vdd_7   201.60, 380.41  M6
         4   -1.9618e-03A   pad_vdd_6   4.86, 380.41  M6
         2   -2.3571e-03A   pad_vdd_5   201.60, 4.86  M6
         8   -9.3634e-04A   pad_vdd_4   4.86, 4.86  M6
*
* Data filtering results for voltage source current:
  Minimum, Average, Maximum Voltage Source Current: -2.775mA, -1.822mA, -0.936mA
  Total Current: -14.578mA
    Range 1(  -2.775mA  -    -2.545mA ):         2 ( 25.00%)
    Range 2(  -2.545mA  -    -2.315mA ):         1 ( 12.50%)
    Range 3(  -2.315mA  -    -2.085mA ):         0 (  0.00%)
    Range 4(  -2.085mA  -    -1.856mA ):         1 ( 12.50%)
    Range 5(  -1.856mA  -    -1.626mA ):         1 ( 12.50%)
    Range 6(  -1.626mA  -    -1.396mA ):         0 (  0.00%)
    Range 7(  -1.396mA  -    -1.166mA ):         0 (  0.00%)
    Range 8(  -1.166mA  -    -0.936mA ):         3 ( 37.50%)
