Cell Name                 | Power-Grid View     | Number of Instances
----------------------------------------------------------------------
AOI321xp33_ASAP7_75t_SL   | tech                | 489
AOI331xp33_ASAP7_75t_SL   | tech                | 43
AOI21xp5_ASAP7_75t_L      | tech                | 4
OA211x2_ASAP7_75t_SL      | tech                | 119
AOI322xp5_ASAP7_75t_SL    | tech                | 110
OAI311xp33_ASAP7_75t_SL   | tech                | 217
HB3xp67_ASAP7_75t_L       | tech                | 584
BUFx6f_ASAP7_75t_SL       | tech                | 46
AO221x1_ASAP7_75t_SL      | tech                | 42
BUFx2_ASAP7_75t_L         | tech                | 2
OAI331xp33_ASAP7_75t_SL   | tech                | 155
NAND4xp25_ASAP7_75t_SL    | tech                | 112
DFFHQNx1_ASAP7_75t_L      | tech                | 996
OR4x1_ASAP7_75t_SL        | tech                | 9
NAND3xp33_ASAP7_75t_SL    | tech                | 386
AND4x1_ASAP7_75t_SL       | tech                | 102
AOI311xp33_ASAP7_75t_SL   | tech                | 112
XOR2xp5_ASAP7_75t_L       | tech                | 5
AO32x1_ASAP7_75t_SL       | tech                | 217
OAI332xp33_ASAP7_75t_SL   | tech                | 16
O2A1O1Ixp33_ASAP7_75t_SL  | tech                | 584
AOI22xp5_ASAP7_75t_SL     | tech                | 2383
AND5x1_ASAP7_75t_SL       | tech                | 81
XOR2xp5_ASAP7_75t_SL      | tech                | 1116
HB4xp67_ASAP7_75t_SL      | tech                | 211
AO331x1_ASAP7_75t_SL      | tech                | 107
DFFHQx4_ASAP7_75t_SL      | tech                | 2489
NOR3xp33_ASAP7_75t_SL     | tech                | 276
XNOR2x2_ASAP7_75t_SL      | tech                | 1
NOR2xp33_ASAP7_75t_SL     | tech                | 4440
A2O1A1Ixp33_ASAP7_75t_SL  | tech                | 522
HB3xp67_ASAP7_75t_SL      | tech                | 1268
AND3x1_ASAP7_75t_SL       | tech                | 23
NAND5xp2_ASAP7_75t_SL     | tech                | 109
AOI21xp5_ASAP7_75t_SL     | tech                | 671
OR3x1_ASAP7_75t_SL        | tech                | 45
AND2x2_ASAP7_75t_SL       | tech                | 369
BUFx3_ASAP7_75t_SL        | tech                | 17
NOR4xp25_ASAP7_75t_SL     | tech                | 170
AO33x2_ASAP7_75t_SL       | tech                | 2
AOI222xp33_ASAP7_75t_SL   | tech                | 12
OR5x1_ASAP7_75t_SL        | tech                | 101
NAND2xp5_ASAP7_75t_SL     | tech                | 4037
OAI33xp33_ASAP7_75t_SL    | tech                | 80
OA22x2_ASAP7_75t_SL       | tech                | 196
DFFHQNx1_ASAP7_75t_SL     | tech                | 652
OAI333xp33_ASAP7_75t_SL   | tech                | 50
OAI222xp33_ASAP7_75t_SL   | tech                | 11
NOR2xp33_ASAP7_75t_L      | tech                | 1
HB2xp67_ASAP7_75t_SL      | tech                | 1632
A2O1A1O1Ixp25_ASAP7_75t_SL | tech                | 109
OAI21xp5_ASAP7_75t_SL     | tech                | 533
AO222x2_ASAP7_75t_SL      | tech                | 50
TAPCELL_ASAP7_75t_L       | tech                | 10350
OA21x2_ASAP7_75t_SL       | tech                | 252
OAI321xp33_ASAP7_75t_SL   | tech                | 619
HB2xp67_ASAP7_75t_L       | tech                | 675
OA33x2_ASAP7_75t_SL       | tech                | 73
OAI31xp33_ASAP7_75t_SL    | tech                | 172
OAI322xp33_ASAP7_75t_SL   | tech                | 193
NOR5xp2_ASAP7_75t_SL      | tech                | 83
AOI211xp5_ASAP7_75t_SL    | tech                | 321
AOI332xp33_ASAP7_75t_SL   | tech                | 92
AOI32xp33_ASAP7_75t_SL    | tech                | 382
BUFx16f_ASAP7_75t_L       | tech                | 1
OA332x1_ASAP7_75t_SL      | tech                | 11
BUFx10_ASAP7_75t_SL       | tech                | 4
OAI32xp33_ASAP7_75t_SL    | tech                | 375
OA222x2_ASAP7_75t_SL      | tech                | 34
OAI22xp5_ASAP7_75t_SL     | tech                | 1160
OAI211xp5_ASAP7_75t_SL    | tech                | 338
OA333x1_ASAP7_75t_SL      | tech                | 1
BUFx5_ASAP7_75t_SL        | tech                | 54
XNOR2xp5_ASAP7_75t_SL     | tech                | 3236
INVx2_ASAP7_75t_SL        | tech                | 18
INVx3_ASAP7_75t_SL        | tech                | 4
OA331x1_ASAP7_75t_SL      | tech                | 67
AO22x1_ASAP7_75t_SL       | tech                | 658
AOI33xp33_ASAP7_75t_SL    | tech                | 98
BUFx2_ASAP7_75t_SL        | tech                | 117
BUFx4f_ASAP7_75t_SL       | tech                | 4
OA221x2_ASAP7_75t_SL      | tech                | 1
AO21x1_ASAP7_75t_SL       | tech                | 356
HB4xp67_ASAP7_75t_L       | tech                | 90
HB1xp67_ASAP7_75t_L       | tech                | 753
OR2x2_ASAP7_75t_SL        | tech                | 626
DFFHQx4_ASAP7_75t_L       | tech                | 4671
BUFx8_ASAP7_75t_SL        | tech                | 1
AOI221xp5_ASAP7_75t_SL    | tech                | 458
INVx1_ASAP7_75t_SL        | tech                | 6724
AOI22xp5_ASAP7_75t_L      | tech                | 934
AOI21xp33_ASAP7_75t_SL    | tech                | 7
XNOR2xp5_ASAP7_75t_L      | tech                | 10
AO332x1_ASAP7_75t_SL      | tech                | 55
OAI221xp5_ASAP7_75t_SL    | tech                | 462
BUFx4_ASAP7_75t_SL        | tech                | 1
HB1xp67_ASAP7_75t_SL      | tech                | 3400
AO322x2_ASAP7_75t_SL      | tech                | 2
BUFx12_ASAP7_75t_SL       | tech                | 2
AOI31xp33_ASAP7_75t_SL    | tech                | 120
