###############################################################
#  Generated by:      Cadence Innovus 19.10-p002_1
#  OS:                Linux x86_64(Host ID hzhb-Super-Server)
#  Generated on:      Fri Dec 19 21:10:03 2025
#  Design:            des3
#  Command:           colorizePowerMesh
###############################################################
#set_verify_drc_mode -check_only special -disable_rules {cut_spacing min_area min_cut min_step protrusion} -exclude_pg_net false

SHORT: ( Metal Color Change ) Special Wire of Net VSS  ( M6 )
Bounds : ( 381.880, 245.760 ) ( 384.056, 246.552 )


SHORT: ( Metal Color Change ) Special Wire of Net VDD  ( M6 )
Bounds : ( 379.320, 265.536 ) ( 381.496, 266.328 )


SHORT: ( Metal Color Change ) Special Wire of Net VDD  ( M6 )
Bounds : ( 379.320, 222.336 ) ( 381.496, 223.128 )


SHORT: ( Metal Color Change ) Special Wire of Net VDD  ( M6 )
Bounds : ( 3.776, 265.536 ) ( 5.952, 266.328 )


SHORT: ( Metal Color Change ) Special Wire of Net VDD  ( M6 )
Bounds : ( 3.776, 222.336 ) ( 5.952, 223.128 )


SHORT: ( Metal Color Change ) Special Wire of Net VSS  ( M6 )
Bounds : ( 1.216, 245.760 ) ( 3.392, 246.552 )


SHORT: ( Metal Color Change ) Special Wire of Net VDD  ( M6 )
Bounds : ( 3.776, 351.936 ) ( 5.952, 352.728 )


SHORT: ( Metal Color Change ) Special Wire of Net VSS  ( M6 )
Bounds : ( 1.316, 381.880 ) ( 3.292, 384.056 )


SHORT: ( Metal Color Change ) Special Wire of Net VSS  ( M6 )
Bounds : ( 1.216, 375.360 ) ( 3.392, 376.152 )


SHORT: ( Metal Color Change ) Special Wire of Net VSS  ( M6 )
Bounds : ( 1.216, 332.160 ) ( 3.392, 332.952 )


SHORT: ( Metal Color Change ) Special Wire of Net VSS  ( M6 )
Bounds : ( 381.980, 381.880 ) ( 383.956, 384.056 )


SHORT: ( Metal Color Change ) Special Wire of Net VSS  ( M6 )
Bounds : ( 381.880, 375.360 ) ( 384.056, 376.152 )


SHORT: ( Metal Color Change ) Special Wire of Net VSS  ( M6 )
Bounds : ( 381.880, 332.160 ) ( 384.056, 332.952 )


SHORT: ( Metal Color Change ) Special Wire of Net VDD  ( M6 )
Bounds : ( 379.320, 351.936 ) ( 381.496, 352.728 )


SHORT: ( Metal Color Change ) Special Wire of Net VSS  ( M6 )
Bounds : ( 1.216, 288.960 ) ( 3.392, 289.752 )


SHORT: ( Metal Color Change ) Special Wire of Net VDD  ( M6 )
Bounds : ( 3.776, 308.736 ) ( 5.952, 309.528 )


SHORT: ( Metal Color Change ) Special Wire of Net VDD  ( M6 )
Bounds : ( 379.320, 308.736 ) ( 381.496, 309.528 )


SHORT: ( Metal Color Change ) Special Wire of Net VSS  ( M6 )
Bounds : ( 381.880, 288.960 ) ( 384.056, 289.752 )


SHORT: ( Metal Color Change ) Special Wire of Net VSS  ( M6 )
Bounds : ( 381.880, 202.560 ) ( 384.056, 203.352 )


SHORT: ( Metal Color Change ) Special Wire of Net VSS  ( M6 )
Bounds : ( 1.216, 202.560 ) ( 3.392, 203.352 )


SHORT: ( Metal Color Change ) Special Wire of Net VSS  ( M6 )
Bounds : ( 381.880, 72.960 ) ( 384.056, 73.752 )


SHORT: ( Metal Color Change ) Special Wire of Net VDD  ( M6 )
Bounds : ( 379.320, 92.736 ) ( 381.496, 93.528 )


SHORT: ( Metal Color Change ) Special Wire of Net VDD  ( M6 )
Bounds : ( 3.776, 135.936 ) ( 5.952, 136.728 )


SHORT: ( Metal Color Change ) Special Wire of Net VSS  ( M6 )
Bounds : ( 1.216, 159.360 ) ( 3.392, 160.152 )


SHORT: ( Metal Color Change ) Special Wire of Net VSS  ( M6 )
Bounds : ( 1.216, 116.160 ) ( 3.392, 116.952 )


SHORT: ( Metal Color Change ) Special Wire of Net VSS  ( M6 )
Bounds : ( 381.880, 159.360 ) ( 384.056, 160.152 )


SHORT: ( Metal Color Change ) Special Wire of Net VSS  ( M6 )
Bounds : ( 381.880, 116.160 ) ( 384.056, 116.952 )


SHORT: ( Metal Color Change ) Special Wire of Net VDD  ( M6 )
Bounds : ( 379.320, 135.936 ) ( 381.496, 136.728 )


SHORT: ( Metal Color Change ) Special Wire of Net VDD  ( M6 )
Bounds : ( 3.776, 49.536 ) ( 5.952, 50.328 )


SHORT: ( Metal Color Change ) Special Wire of Net VDD  ( M6 )
Bounds : ( 3.776, 6.528 ) ( 5.952, 7.320 )


SHORT: ( Metal Color Change ) Special Wire of Net VSS  ( M6 )
Bounds : ( 1.216, 29.760 ) ( 3.392, 30.552 )


SHORT: ( Metal Color Change ) Special Wire of Net VSS  ( M6 )
Bounds : ( 1.216, 8.256 ) ( 3.392, 9.048 )


SHORT: ( Metal Color Change ) Special Wire of Net VSS  ( M6 )
Bounds : ( 381.880, 29.760 ) ( 384.056, 30.552 )


SHORT: ( Metal Color Change ) Special Wire of Net VSS  ( M6 )
Bounds : ( 381.880, 8.256 ) ( 384.056, 9.048 )


SHORT: ( Metal Color Change ) Special Wire of Net VDD  ( M6 )
Bounds : ( 379.320, 49.536 ) ( 381.496, 50.328 )


SHORT: ( Metal Color Change ) Special Wire of Net VDD  ( M6 )
Bounds : ( 379.320, 6.528 ) ( 381.496, 7.320 )


SHORT: ( Metal Color Change ) Special Wire of Net VDD  ( M6 )
Bounds : ( 379.320, 179.136 ) ( 381.496, 179.928 )


SHORT: ( Metal Color Change ) Special Wire of Net VDD  ( M6 )
Bounds : ( 3.776, 179.136 ) ( 5.952, 179.928 )


SHORT: ( Metal Color Change ) Special Wire of Net VSS  ( M6 )
Bounds : ( 1.216, 72.960 ) ( 3.392, 73.752 )


SHORT: ( Metal Color Change ) Special Wire of Net VDD  ( M6 )
Bounds : ( 3.776, 92.736 ) ( 5.952, 93.528 )


  Total Violations : 40 Viols.
