Voltage source current:
      Range  Source       Source        Location    Layer
      Index  Current      Name          (um)
      -----  --------     -------------------------------
         1   -3.3552e-03A   pad_vdd_3   380.41, 201.23  M5
         6   -1.4694e-03A   pad_vdd_2   380.41, 4.86  M5
         4   -2.4660e-03A   pad_vdd_1   4.86, 201.23  M5
         8   -6.6119e-04A   pad_vdd_0   4.86, 4.86  M5
         1   -3.6988e-03A   pad_vdd_7   201.60, 380.41  M6
         5   -1.8914e-03A   pad_vdd_6   4.86, 380.41  M6
         5   -1.9832e-03A   pad_vdd_5   201.60, 4.86  M6
         8   -6.3641e-04A   pad_vdd_4   4.86, 4.86  M6
*
* Data filtering results for voltage source current:
  Minimum, Average, Maximum Voltage Source Current: -3.699mA, -2.020mA, -0.636mA
  Total Current: -16.162mA
    Range 1(  -3.699mA  -    -3.316mA ):         2 ( 25.00%)
    Range 2(  -3.316mA  -    -2.933mA ):         0 (  0.00%)
    Range 3(  -2.933mA  -    -2.550mA ):         0 (  0.00%)
    Range 4(  -2.550mA  -    -2.168mA ):         1 ( 12.50%)
    Range 5(  -2.168mA  -    -1.785mA ):         2 ( 25.00%)
    Range 6(  -1.785mA  -    -1.402mA ):         1 ( 12.50%)
    Range 7(  -1.402mA  -    -1.019mA ):         0 (  0.00%)
    Range 8(  -1.019mA  -    -0.636mA ):         2 ( 25.00%)
