Voltage source current:
      Range  Source       Source        Location    Layer
      Index  Current      Name          (um)
      -----  --------     -------------------------------
         2   -2.6458e-03A   pad_vdd_3   380.41, 201.23  M5
         7   -1.0263e-03A   pad_vdd_2   380.41, 4.86  M5
         4   -2.1999e-03A   pad_vdd_1   4.86, 201.23  M5
         8   -5.7991e-04A   pad_vdd_0   4.86, 4.86  M5
         1   -3.2150e-03A   pad_vdd_7   201.60, 380.41  M6
         5   -1.7212e-03A   pad_vdd_6   4.86, 380.41  M6
         6   -1.5384e-03A   pad_vdd_5   201.60, 4.86  M6
         8   -5.5356e-04A   pad_vdd_4   4.86, 4.86  M6
*
* Data filtering results for voltage source current:
  Minimum, Average, Maximum Voltage Source Current: -3.215mA, -1.685mA, -0.554mA
  Total Current: -13.480mA
    Range 1(  -3.215mA  -    -2.882mA ):         1 ( 12.50%)
    Range 2(  -2.882mA  -    -2.550mA ):         1 ( 12.50%)
    Range 3(  -2.550mA  -    -2.217mA ):         0 (  0.00%)
    Range 4(  -2.217mA  -    -1.884mA ):         1 ( 12.50%)
    Range 5(  -1.884mA  -    -1.552mA ):         1 ( 12.50%)
    Range 6(  -1.552mA  -    -1.219mA ):         1 ( 12.50%)
    Range 7(  -1.219mA  -    -0.886mA ):         1 ( 12.50%)
    Range 8(  -0.886mA  -    -0.554mA ):         2 ( 25.00%)
