Voltage source current:
      Range  Source       Source        Location    Layer
      Index  Current      Name          (um)
      -----  --------     -------------------------------
         1    3.3659e-03A   pad_vss_3   382.97, 202.96  M5
         6    1.4862e-03A   pad_vss_2   382.97, 2.30  M5
         4    2.2535e-03A   pad_vss_1   2.30, 202.96  M5
         8    6.2660e-04A   pad_vss_0   2.30, 2.30  M5
         1    3.6945e-03A   pad_vss_7   202.90, 382.97  M6
         6    1.7182e-03A   pad_vss_6   2.30, 382.97  M6
         5    2.0365e-03A   pad_vss_5   202.90, 2.30  M6
         8    6.5087e-04A   pad_vss_4   2.30, 2.30  M6
*
* Data filtering results for voltage source current:
  Minimum, Average, Maximum Voltage Source Current: 0.627mA, 1.979mA, 3.695mA
  Total Current: 15.832mA
    Range 1(   3.311mA  -     3.695mA ):         2 ( 25.00%)
    Range 2(   2.928mA  -     3.311mA ):         0 (  0.00%)
    Range 3(   2.544mA  -     2.928mA ):         0 (  0.00%)
    Range 4(   2.161mA  -     2.544mA ):         1 ( 12.50%)
    Range 5(   1.777mA  -     2.161mA ):         1 ( 12.50%)
    Range 6(   1.394mA  -     1.777mA ):         2 ( 25.00%)
    Range 7(   1.010mA  -     1.394mA ):         0 (  0.00%)
    Range 8(   0.627mA  -     1.010mA ):         2 ( 25.00%)
