Voltage source current:
      Range  Source       Source        Location    Layer
      Index  Current      Name          (um)
      -----  --------     -------------------------------
         3   -3.0249e-03A   pad_vdd_3   380.41, 201.23  M5
         6   -1.8548e-03A   pad_vdd_2   380.41, 4.86  M5
         2   -3.1625e-03A   pad_vdd_1   4.86, 201.23  M5
         8   -1.1885e-03A   pad_vdd_0   4.86, 4.86  M5
         1   -3.6988e-03A   pad_vdd_7   201.60, 380.41  M6
         5   -2.3133e-03A   pad_vdd_6   4.86, 380.41  M6
         3   -2.8483e-03A   pad_vdd_5   201.60, 4.86  M6
         8   -1.1794e-03A   pad_vdd_4   4.86, 4.86  M6
*
* Data filtering results for voltage source current:
  Minimum, Average, Maximum Voltage Source Current: -3.699mA, -2.409mA, -1.179mA
  Total Current: -19.271mA
    Range 1(  -3.699mA  -    -3.384mA ):         1 ( 12.50%)
    Range 2(  -3.384mA  -    -3.069mA ):         1 ( 12.50%)
    Range 3(  -3.069mA  -    -2.754mA ):         2 ( 25.00%)
    Range 4(  -2.754mA  -    -2.439mA ):         0 (  0.00%)
    Range 5(  -2.439mA  -    -2.124mA ):         1 ( 12.50%)
    Range 6(  -2.124mA  -    -1.809mA ):         1 ( 12.50%)
    Range 7(  -1.809mA  -    -1.494mA ):         0 (  0.00%)
    Range 8(  -1.494mA  -    -1.179mA ):         2 ( 25.00%)
