Voltage source current:
      Range  Source       Source        Location    Layer
      Index  Current      Name          (um)
      -----  --------     -------------------------------
         3   -2.5420e-03A   pad_vdd_3   380.41, 201.23  M5
         7   -9.7404e-04A   pad_vdd_2   380.41, 4.86  M5
         4   -2.1698e-03A   pad_vdd_1   4.86, 201.23  M5
         8   -5.7502e-04A   pad_vdd_0   4.86, 4.86  M5
         1   -3.2133e-03A   pad_vdd_7   201.60, 380.41  M6
         5   -1.6917e-03A   pad_vdd_6   4.86, 380.41  M6
         6   -1.5076e-03A   pad_vdd_5   201.60, 4.86  M6
         8   -5.4933e-04A   pad_vdd_4   4.86, 4.86  M6
*
* Data filtering results for voltage source current:
  Minimum, Average, Maximum Voltage Source Current: -3.213mA, -1.653mA, -0.549mA
  Total Current: -13.223mA
    Range 1(  -3.213mA  -    -2.880mA ):         1 ( 12.50%)
    Range 2(  -2.880mA  -    -2.547mA ):         0 (  0.00%)
    Range 3(  -2.547mA  -    -2.214mA ):         1 ( 12.50%)
    Range 4(  -2.214mA  -    -1.881mA ):         1 ( 12.50%)
    Range 5(  -1.881mA  -    -1.548mA ):         1 ( 12.50%)
    Range 6(  -1.548mA  -    -1.215mA ):         1 ( 12.50%)
    Range 7(  -1.215mA  -    -0.882mA ):         1 ( 12.50%)
    Range 8(  -0.882mA  -    -0.549mA ):         2 ( 25.00%)
