Voltage source current:
      Range  Source       Source        Location    Layer
      Index  Current      Name          (um)
      -----  --------     -------------------------------
         2    2.6731e-03A   pad_vss_3   382.97, 202.96  M5
         7    1.2016e-03A   pad_vss_2   382.97, 2.30  M5
         3    2.3701e-03A   pad_vss_1   2.30, 202.96  M5
         8    6.2868e-04A   pad_vss_0   2.30, 2.30  M5
         1    3.0082e-03A   pad_vss_7   202.90, 382.97  M6
         5    1.7373e-03A   pad_vss_6   2.30, 382.97  M6
         5    1.7042e-03A   pad_vss_5   202.90, 2.30  M6
         8    6.4204e-04A   pad_vss_4   2.30, 2.30  M6
*
* Data filtering results for voltage source current:
  Minimum, Average, Maximum Voltage Source Current: 0.629mA, 1.746mA, 3.008mA
  Total Current: 13.965mA
    Range 1(   2.711mA  -     3.008mA ):         1 ( 12.50%)
    Range 2(   2.413mA  -     2.711mA ):         1 ( 12.50%)
    Range 3(   2.116mA  -     2.413mA ):         1 ( 12.50%)
    Range 4(   1.818mA  -     2.116mA ):         0 (  0.00%)
    Range 5(   1.521mA  -     1.818mA ):         2 ( 25.00%)
    Range 6(   1.224mA  -     1.521mA ):         0 (  0.00%)
    Range 7(   0.926mA  -     1.224mA ):         1 ( 12.50%)
    Range 8(   0.629mA  -     0.926mA ):         2 ( 25.00%)
