Voltage source current:
      Range  Source       Source        Location    Layer
      Index  Current      Name          (um)
      -----  --------     -------------------------------
         2    2.5921e-03A   pad_vss_3   382.97, 202.96  M5
         7    1.0348e-03A   pad_vss_2   382.97, 2.30  M5
         4    1.9165e-03A   pad_vss_1   2.30, 202.96  M5
         8    5.3382e-04A   pad_vss_0   2.30, 2.30  M5
         1    2.9860e-03A   pad_vss_7   202.90, 382.97  M6
         5    1.4628e-03A   pad_vss_6   2.30, 382.97  M6
         5    1.5617e-03A   pad_vss_5   202.90, 2.30  M6
         8    5.5185e-04A   pad_vss_4   2.30, 2.30  M6
*
* Data filtering results for voltage source current:
  Minimum, Average, Maximum Voltage Source Current: 0.534mA, 1.580mA, 2.986mA
  Total Current: 12.639mA
    Range 1(   2.679mA  -     2.986mA ):         1 ( 12.50%)
    Range 2(   2.373mA  -     2.679mA ):         1 ( 12.50%)
    Range 3(   2.066mA  -     2.373mA ):         0 (  0.00%)
    Range 4(   1.760mA  -     2.066mA ):         1 ( 12.50%)
    Range 5(   1.453mA  -     1.760mA ):         2 ( 25.00%)
    Range 6(   1.147mA  -     1.453mA ):         0 (  0.00%)
    Range 7(   0.840mA  -     1.147mA ):         1 ( 12.50%)
    Range 8(   0.534mA  -     0.840mA ):         2 ( 25.00%)
