POWER NET REPORT
Generated Date: Tue Mar 17 13:56:34 2026
Host Name: IC


==============================
POWER NET
==============================
Power Net: VDD 
Voltage: 0.7 
Threshold: 0.651 


==============================
POWER-GRID VIEWS
==============================
Power-Grid Views Used: 100


==============================
POWER-GRID ATTRIBUTES
==============================
Total Resistor Elements: 82793
    Please refer to ../VDD/grid.gif for more details
Top-level Resistor Elements: 82793 
Cell Library Resistor Elements: 0 
Total Number of Current Taps: 64179
    Please refer to ../VDD/tc.gif for more details


==============================
IR DROP ANALYSIS
==============================
Layer based IR Drop Report: M1
Minimum, Average, Maximum IR drop: 0.667V  0.682V  0.700V
    Please refer to ../VDD/ir_linear.gif for more details
Dynamic Worst Case Interval: 50  (50.000ns) 
Peak Dynamic Current Specified: 16.485mA 
Peak Dynamic Current Loaded: 16.485mA 
Number of Violations: 0
    Please refer to ../VDD/ir_limit.gif for more details


==============================
EFFECTIVE RESISTANCE ANALYSIS
==============================
Minimum, Average, Maximum Reff:          


==============================
POWER SWITCH ANALYSIS
==============================
PowerGate Current I/Idsat violations:         
    Please refer to  for more details
Minimum, Average, Maximum I/Idsat (pi):  
Minimum, Average, Maximum IRdrop Across PowerGate (pv):          
Power Switch ECO file for Soc Encounter:          


==============================
PACKAGE ANALYSIS
==============================
Voltage Drop Across Package (vu):          


==============================
CAPACITANCE ANALYSIS
==============================
Decap Optimization method: area  
Total Coupling Capacitance: 39.665pF
    Please refer to ../VDD/dd.gif for more details
Grid Coupling Capacitance: 1.652pF 
Gate Coupling Capacitance (internal): 1.121pF 
Loading Coupling Capacitance: 36.893pF 
Capacitance Offered by Placed Decaps: 0.000F 
Additional Capacitance Required: 0.000F
    Please refer to ../VDD/dr.gif for more details
Total Feasible Capacitance: 0.000F 
Total Leakage Current of Placed Decaps: 0.000A 
Total Leakage Current of ECO Decaps: 0.000A 
What-if ECO File:   
SoC Encounter ECO File:   


==============================
ADDITIONAL FILES
==============================
Instance Voltage File:  
Dynamic IR drop Waveform File (dynamic): ../../db/rail_power_v15/PD_25C_dynamic_1//VDD/VDD.ptiavg 
Effective Instance Voltage File (dynamic): ../../db/rail_power_v15/PD_25C_dynamic_1/Reports/VDD_VSS.iv 
Summary: ../../db/rail_power_v15/PD_25C_dynamic_1//VDD/results 

