Voltage source current:
      Range  Source       Source        Location    Layer
      Index  Current      Name          (um)
      -----  --------     -------------------------------
         4   -2.0854e-03A   pad_vdd_3   380.41, 201.23  M5
         8   -1.2442e-03A   pad_vdd_2   380.41, 4.86  M5
         2   -2.8067e-03A   pad_vdd_1   4.86, 201.23  M5
         8   -9.8225e-04A   pad_vdd_0   4.86, 4.86  M5
         1   -3.1812e-03A   pad_vdd_7   201.60, 380.41  M6
         5   -2.0130e-03A   pad_vdd_6   4.86, 380.41  M6
         3   -2.6023e-03A   pad_vdd_5   201.60, 4.86  M6
         8   -9.9378e-04A   pad_vdd_4   4.86, 4.86  M6
*
* Data filtering results for voltage source current:
  Minimum, Average, Maximum Voltage Source Current: -3.181mA, -1.989mA, -0.982mA
  Total Current: -15.909mA
    Range 1(  -3.181mA  -    -2.906mA ):         1 ( 12.50%)
    Range 2(  -2.906mA  -    -2.631mA ):         1 ( 12.50%)
    Range 3(  -2.631mA  -    -2.357mA ):         1 ( 12.50%)
    Range 4(  -2.357mA  -    -2.082mA ):         1 ( 12.50%)
    Range 5(  -2.082mA  -    -1.807mA ):         1 ( 12.50%)
    Range 6(  -1.807mA  -    -1.532mA ):         0 (  0.00%)
    Range 7(  -1.532mA  -    -1.257mA ):         0 (  0.00%)
    Range 8(  -1.257mA  -    -0.982mA ):         3 ( 37.50%)
