Voltage source current:
      Range  Source       Source        Location    Layer
      Index  Current      Name          (um)
      -----  --------     -------------------------------
         2   -2.7543e-03A   pad_vdd_3   380.41, 201.23  M5
         6   -1.7136e-03A   pad_vdd_2   380.41, 4.86  M5
         2   -2.8101e-03A   pad_vdd_1   4.86, 201.23  M5
         8   -1.0730e-03A   pad_vdd_0   4.86, 4.86  M5
         1   -3.2553e-03A   pad_vdd_7   201.60, 380.41  M6
         5   -2.0315e-03A   pad_vdd_6   4.86, 380.41  M6
         3   -2.6056e-03A   pad_vdd_5   201.60, 4.86  M6
         8   -1.0695e-03A   pad_vdd_4   4.86, 4.86  M6
*
* Data filtering results for voltage source current:
  Minimum, Average, Maximum Voltage Source Current: -3.255mA, -2.164mA, -1.069mA
  Total Current: -17.313mA
    Range 1(  -3.255mA  -    -2.982mA ):         1 ( 12.50%)
    Range 2(  -2.982mA  -    -2.709mA ):         2 ( 25.00%)
    Range 3(  -2.709mA  -    -2.436mA ):         1 ( 12.50%)
    Range 4(  -2.436mA  -    -2.162mA ):         0 (  0.00%)
    Range 5(  -2.162mA  -    -1.889mA ):         1 ( 12.50%)
    Range 6(  -1.889mA  -    -1.616mA ):         1 ( 12.50%)
    Range 7(  -1.616mA  -    -1.343mA ):         0 (  0.00%)
    Range 8(  -1.343mA  -    -1.069mA ):         2 ( 25.00%)
