Voltage source current:
      Range  Source       Source        Location    Layer
      Index  Current      Name          (um)
      -----  --------     -------------------------------
         2   -2.7550e-03A   pad_vdd_3   380.41, 201.23  M5
         7   -1.2229e-03A   pad_vdd_2   380.41, 4.86  M5
         2   -2.7200e-03A   pad_vdd_1   4.86, 201.23  M5
         8   -6.8895e-04A   pad_vdd_0   4.86, 4.86  M5
         1   -3.2557e-03A   pad_vdd_7   201.60, 380.41  M6
         4   -2.0310e-03A   pad_vdd_6   4.86, 380.41  M6
         5   -1.6970e-03A   pad_vdd_5   201.60, 4.86  M6
         8   -6.5210e-04A   pad_vdd_4   4.86, 4.86  M6
*
* Data filtering results for voltage source current:
  Minimum, Average, Maximum Voltage Source Current: -3.256mA, -1.878mA, -0.652mA
  Total Current: -15.023mA
    Range 1(  -3.256mA  -    -2.930mA ):         1 ( 12.50%)
    Range 2(  -2.930mA  -    -2.605mA ):         2 ( 25.00%)
    Range 3(  -2.605mA  -    -2.279mA ):         0 (  0.00%)
    Range 4(  -2.279mA  -    -1.954mA ):         1 ( 12.50%)
    Range 5(  -1.954mA  -    -1.628mA ):         1 ( 12.50%)
    Range 6(  -1.628mA  -    -1.303mA ):         0 (  0.00%)
    Range 7(  -1.303mA  -    -0.978mA ):         1 ( 12.50%)
    Range 8(  -0.978mA  -    -0.652mA ):         2 ( 25.00%)
