Voltage source current:
      Range  Source       Source        Location    Layer
      Index  Current      Name          (um)
      -----  --------     -------------------------------
         2    2.3785e-03A   pad_vss_3   382.97, 202.96  M5
         5    1.5346e-03A   pad_vss_2   382.97, 2.30  M5
         4    1.9498e-03A   pad_vss_1   2.30, 202.96  M5
         8    5.3961e-04A   pad_vss_0   2.30, 2.30  M5
         1    2.9088e-03A   pad_vss_7   202.90, 382.97  M6
         5    1.4885e-03A   pad_vss_6   2.30, 382.97  M6
         4    1.7964e-03A   pad_vss_5   202.90, 2.30  M6
         8    5.6317e-04A   pad_vss_4   2.30, 2.30  M6
*
* Data filtering results for voltage source current:
  Minimum, Average, Maximum Voltage Source Current: 0.540mA, 1.645mA, 2.909mA
  Total Current: 13.159mA
    Range 1(   2.613mA  -     2.909mA ):         1 ( 12.50%)
    Range 2(   2.317mA  -     2.613mA ):         1 ( 12.50%)
    Range 3(   2.020mA  -     2.317mA ):         0 (  0.00%)
    Range 4(   1.724mA  -     2.020mA ):         2 ( 25.00%)
    Range 5(   1.428mA  -     1.724mA ):         2 ( 25.00%)
    Range 6(   1.132mA  -     1.428mA ):         0 (  0.00%)
    Range 7(   0.836mA  -     1.132mA ):         0 (  0.00%)
    Range 8(   0.540mA  -     0.836mA ):         2 ( 25.00%)
