Voltage source current:
      Range  Source       Source        Location    Layer
      Index  Current      Name          (um)
      -----  --------     -------------------------------
         1    2.7460e-03A   pad_vss_3   382.97, 202.96  M5
         5    1.5530e-03A   pad_vss_2   382.97, 2.30  M5
         4    1.8657e-03A   pad_vss_1   2.30, 202.96  M5
         8    5.4064e-04A   pad_vss_0   2.30, 2.30  M5
         1    3.0215e-03A   pad_vss_7   202.90, 382.97  M6
         6    1.4302e-03A   pad_vss_6   2.30, 382.97  M6
         4    1.8580e-03A   pad_vss_5   202.90, 2.30  M6
         8    5.6539e-04A   pad_vss_4   2.30, 2.30  M6
*
* Data filtering results for voltage source current:
  Minimum, Average, Maximum Voltage Source Current: 0.541mA, 1.698mA, 3.022mA
  Total Current: 13.581mA
    Range 1(   2.711mA  -     3.022mA ):         2 ( 25.00%)
    Range 2(   2.401mA  -     2.711mA ):         0 (  0.00%)
    Range 3(   2.091mA  -     2.401mA ):         0 (  0.00%)
    Range 4(   1.781mA  -     2.091mA ):         2 ( 25.00%)
    Range 5(   1.471mA  -     1.781mA ):         1 ( 12.50%)
    Range 6(   1.161mA  -     1.471mA ):         1 ( 12.50%)
    Range 7(   0.851mA  -     1.161mA ):         0 (  0.00%)
    Range 8(   0.541mA  -     0.851mA ):         2 ( 25.00%)
