Voltage source current:
      Range  Source       Source        Location    Layer
      Index  Current      Name          (um)
      -----  --------     -------------------------------
         2    2.9206e-03A   pad_vss_3   382.97, 202.96  M5
         6    1.7270e-03A   pad_vss_2   382.97, 2.30  M5
         3    2.7493e-03A   pad_vss_1   2.30, 202.96  M5
         8    1.0248e-03A   pad_vss_0   2.30, 2.30  M5
         1    3.3357e-03A   pad_vss_7   202.90, 382.97  M6
         5    1.9467e-03A   pad_vss_6   2.30, 382.97  M6
         2    2.7853e-03A   pad_vss_5   202.90, 2.30  M6
         8    1.1058e-03A   pad_vss_4   2.30, 2.30  M6
*
* Data filtering results for voltage source current:
  Minimum, Average, Maximum Voltage Source Current: 1.025mA, 2.199mA, 3.336mA
  Total Current: 17.595mA
    Range 1(   3.047mA  -     3.336mA ):         1 ( 12.50%)
    Range 2(   2.758mA  -     3.047mA ):         2 ( 25.00%)
    Range 3(   2.469mA  -     2.758mA ):         1 ( 12.50%)
    Range 4(   2.180mA  -     2.469mA ):         0 (  0.00%)
    Range 5(   1.891mA  -     2.180mA ):         1 ( 12.50%)
    Range 6(   1.603mA  -     1.891mA ):         1 ( 12.50%)
    Range 7(   1.314mA  -     1.603mA ):         0 (  0.00%)
    Range 8(   1.025mA  -     1.314mA ):         2 ( 25.00%)
