Voltage source current:
      Range  Source       Source        Location    Layer
      Index  Current      Name          (um)
      -----  --------     -------------------------------
         3    1.8476e-03A   pad_vss_3   382.97, 202.96  M5
         7    1.1047e-03A   pad_vss_2   382.97, 2.30  M5
         1    2.4475e-03A   pad_vss_1   2.30, 202.96  M5
         8    8.2984e-04A   pad_vss_0   2.30, 2.30  M5
         1    2.4442e-03A   pad_vss_7   202.90, 382.97  M6
         4    1.6985e-03A   pad_vss_6   2.30, 382.97  M6
         2    2.2333e-03A   pad_vss_5   202.90, 2.30  M6
         8    8.8143e-04A   pad_vss_4   2.30, 2.30  M6
*
* Data filtering results for voltage source current:
  Minimum, Average, Maximum Voltage Source Current: 0.830mA, 1.686mA, 2.448mA
  Total Current: 13.487mA
    Range 1(   2.245mA  -     2.448mA ):         2 ( 25.00%)
    Range 2(   2.043mA  -     2.245mA ):         1 ( 12.50%)
    Range 3(   1.841mA  -     2.043mA ):         1 ( 12.50%)
    Range 4(   1.639mA  -     1.841mA ):         1 ( 12.50%)
    Range 5(   1.436mA  -     1.639mA ):         0 (  0.00%)
    Range 6(   1.234mA  -     1.436mA ):         0 (  0.00%)
    Range 7(   1.032mA  -     1.234mA ):         1 ( 12.50%)
    Range 8(   0.830mA  -     1.032mA ):         2 ( 25.00%)
