Voltage source current:
      Range  Source       Source        Location    Layer
      Index  Current      Name          (um)
      -----  --------     -------------------------------
         4   -2.3772e-03A   pad_vdd_3   380.41, 201.23  M5
         8   -1.2443e-03A   pad_vdd_2   380.41, 4.86  M5
         2   -2.8069e-03A   pad_vdd_1   4.86, 201.23  M5
         8   -1.0717e-03A   pad_vdd_0   4.86, 4.86  M5
         1   -3.2223e-03A   pad_vdd_7   201.60, 380.41  M6
         5   -2.0131e-03A   pad_vdd_6   4.86, 380.41  M6
         3   -2.6024e-03A   pad_vdd_5   201.60, 4.86  M6
         8   -1.0683e-03A   pad_vdd_4   4.86, 4.86  M6
*
* Data filtering results for voltage source current:
  Minimum, Average, Maximum Voltage Source Current: -3.222mA, -2.051mA, -1.068mA
  Total Current: -16.406mA
    Range 1(  -3.222mA  -    -2.953mA ):         1 ( 12.50%)
    Range 2(  -2.953mA  -    -2.684mA ):         1 ( 12.50%)
    Range 3(  -2.684mA  -    -2.415mA ):         1 ( 12.50%)
    Range 4(  -2.415mA  -    -2.145mA ):         1 ( 12.50%)
    Range 5(  -2.145mA  -    -1.876mA ):         1 ( 12.50%)
    Range 6(  -1.876mA  -    -1.607mA ):         0 (  0.00%)
    Range 7(  -1.607mA  -    -1.338mA ):         0 (  0.00%)
    Range 8(  -1.338mA  -    -1.068mA ):         3 ( 37.50%)
