POWER NET REPORT 
Generated Date: Fri Dec 19 21:46:14 2025
Host Name: hzhb-Super-Server


==============================
POWER NET 
==============================
Power Net: VSS
Voltage: 0.000
Threshold: 0.100


==============================
POWER-GRID VIEW
==============================
Power-Grid Views Used: 100


==============================
POWER-GRID ATTRIBUTES
==============================
Total Resistor Elements: 82648
    Please refer to ../VSS/grid.gif for more details
Top-level Resistor Elements:82648
Cell Library Resistor Elements: 0
Total Number of Current Taps: 64179
    Please refer to ../VSS/tc.gif for more details


==============================
IR DROP ANALYSIS
==============================
Layer based IR Drop Report: See Report
Minimum, Average, Maximum IR drop: 0.000V 15.605mV 24.585mV
    Please refer to ../VSS/ir_linear.gif for more details
Dynamic Worst Case Interval:50 (50.000ns) 
Peak Dynamic Current Specified: 0.000A
Peak Dynamic Current Loaded: 0.000A
Number of Violations: 0
    Please refer to ../VSS/ir_limit.gif for more details


==============================
EFFECTIVE RESISTANCE ANALYSIS
==============================
Minimum, Average, Maximum Reff: NA, NA, NA


==============================
CURRENT DENSITY ANALYSIS
==============================
Minimum, Average, Maximum J/Jmax:
Number of Violations: 0
    Please refer to ../../db/rail_power/PD_25C_dynamic_1/Reports/VSS/rj.gif for more details


==============================
POWER SWITCH ANALYSIS
==============================
PowerGate Current I/Idsat violations: 
    Please refer to ../../db/rail_power/PD_25C_dynamic_1/Reports/VSS/pi.gif for more details
Minimum, Average, Maximum I/Idsat (pi): NA, NA, NA
Minimum, Average, Maximum IRdrop Across PowerGate (pv): 0, 0, 0
Power Switch ECO file for Soc Encounter: 


==============================
PACKAGE ANALYSIS
==============================
Voltage Drop Across Package (vu): NA, NA, NA


==============================
CAPACITANCE ANALYSIS
==============================
Decap Optimization method: area  
Total Coupling Capacitance: 48.824pF
    Please refer to ../VSS/dd.gif for more details
Grid Coupling Capacitance: 1.846pF
Gate Coupling Capacitance (internal): 0.000F
Loading Coupling Capacitance: 46.978pF
Capacitance Offered by Placed Decaps: 0.000F
Additional Capacitance Required: 0.000F
    Please refer to ../VSS/dr.gif for more details
Total Feasible Capacitance: 0.000F
Total Leakage Current of Placed Decaps: 0.000A
Total Leakage Current of ECO Decaps: 0.000A
What-if ECO File:   
SoC Encounter ECO File: ../../db/rail_power/PD_25C_dynamic_1//VSS/vs2fe_eco.tcl 


==============================
ADDITIONAL FILES
==============================
Instance Voltage File: ../../db/rail_power/PD_25C_dynamic_1/Reports/VSS/VSS.iv
Dynamic IR drop Waveform File (dynamic): ../../db/rail_power/PD_25C_dynamic_1//VSS/VSS.ptiavg 
Effective Instance Voltage File (dynamic): ../../db/rail_power/PD_25C_dynamic_1/Reports/VDD_VSS.iv 
Summary: ../../db/rail_power/PD_25C_dynamic_1//VSS/results 


