                     Cell Name |     Power-Grid View |      Number of Instances
-------------------------------------------------------------------------------
      A2O1A1Ixp33_ASAP7_75t_SL |                Tech |                      522
    A2O1A1O1Ixp25_ASAP7_75t_SL |                Tech |                      109
           AND2x2_ASAP7_75t_SL |                Tech |                      369
           AND3x1_ASAP7_75t_SL |                Tech |                       23
           AND4x1_ASAP7_75t_SL |                Tech |                      102
           AND5x1_ASAP7_75t_SL |                Tech |                       81
           AO21x1_ASAP7_75t_SL |                Tech |                      356
          AO221x1_ASAP7_75t_SL |                Tech |                       42
          AO222x2_ASAP7_75t_SL |                Tech |                       50
           AO22x1_ASAP7_75t_SL |                Tech |                      658
          AO322x2_ASAP7_75t_SL |                Tech |                        2
           AO32x1_ASAP7_75t_SL |                Tech |                      217
          AO331x1_ASAP7_75t_SL |                Tech |                      107
          AO332x1_ASAP7_75t_SL |                Tech |                       55
           AO33x2_ASAP7_75t_SL |                Tech |                        2
        AOI211xp5_ASAP7_75t_SL |                Tech |                      321
        AOI21xp33_ASAP7_75t_SL |                Tech |                        7
          AOI21xp5_ASAP7_75t_L |                Tech |                        4
         AOI21xp5_ASAP7_75t_SL |                Tech |                      671
        AOI221xp5_ASAP7_75t_SL |                Tech |                      458
       AOI222xp33_ASAP7_75t_SL |                Tech |                       12
          AOI22xp5_ASAP7_75t_L |                Tech |                      934
         AOI22xp5_ASAP7_75t_SL |                Tech |                     2383
       AOI311xp33_ASAP7_75t_SL |                Tech |                      112
        AOI31xp33_ASAP7_75t_SL |                Tech |                      120
       AOI321xp33_ASAP7_75t_SL |                Tech |                      489
        AOI322xp5_ASAP7_75t_SL |                Tech |                      110
        AOI32xp33_ASAP7_75t_SL |                Tech |                      382
       AOI331xp33_ASAP7_75t_SL |                Tech |                       43
       AOI332xp33_ASAP7_75t_SL |                Tech |                       92
        AOI33xp33_ASAP7_75t_SL |                Tech |                       98
           BUFx10_ASAP7_75t_SL |                Tech |                        4
           BUFx12_ASAP7_75t_SL |                Tech |                        2
           BUFx16f_ASAP7_75t_L |                Tech |                        1
             BUFx2_ASAP7_75t_L |                Tech |                        2
            BUFx2_ASAP7_75t_SL |                Tech |                      117
            BUFx3_ASAP7_75t_SL |                Tech |                       17
            BUFx4_ASAP7_75t_SL |                Tech |                        1
           BUFx4f_ASAP7_75t_SL |                Tech |                        4
            BUFx5_ASAP7_75t_SL |                Tech |                       54
           BUFx6f_ASAP7_75t_SL |                Tech |                       46
            BUFx8_ASAP7_75t_SL |                Tech |                        1
          DFFHQNx1_ASAP7_75t_L |                Tech |                      996
         DFFHQNx1_ASAP7_75t_SL |                Tech |                      652
           DFFHQx4_ASAP7_75t_L |                Tech |                     4671
          DFFHQx4_ASAP7_75t_SL |                Tech |                     2489
           HB1xp67_ASAP7_75t_L |                Tech |                      753
          HB1xp67_ASAP7_75t_SL |                Tech |                     3400
           HB2xp67_ASAP7_75t_L |                Tech |                      675
          HB2xp67_ASAP7_75t_SL |                Tech |                     1632
           HB3xp67_ASAP7_75t_L |                Tech |                      584
          HB3xp67_ASAP7_75t_SL |                Tech |                     1268
           HB4xp67_ASAP7_75t_L |                Tech |                       90
          HB4xp67_ASAP7_75t_SL |                Tech |                      211
            INVx1_ASAP7_75t_SL |                Tech |                     6724
            INVx2_ASAP7_75t_SL |                Tech |                       18
            INVx3_ASAP7_75t_SL |                Tech |                        4
         NAND2xp5_ASAP7_75t_SL |                Tech |                     4037
        NAND3xp33_ASAP7_75t_SL |                Tech |                      386
        NAND4xp25_ASAP7_75t_SL |                Tech |                      112
         NAND5xp2_ASAP7_75t_SL |                Tech |                      109
          NOR2xp33_ASAP7_75t_L |                Tech |                        1
         NOR2xp33_ASAP7_75t_SL |                Tech |                     4440
         NOR3xp33_ASAP7_75t_SL |                Tech |                      276
         NOR4xp25_ASAP7_75t_SL |                Tech |                      170
          NOR5xp2_ASAP7_75t_SL |                Tech |                       83
      O2A1O1Ixp33_ASAP7_75t_SL |                Tech |                      584
          OA211x2_ASAP7_75t_SL |                Tech |                      119
           OA21x2_ASAP7_75t_SL |                Tech |                      252
          OA221x2_ASAP7_75t_SL |                Tech |                        1
          OA222x2_ASAP7_75t_SL |                Tech |                       34
           OA22x2_ASAP7_75t_SL |                Tech |                      196
          OA331x1_ASAP7_75t_SL |                Tech |                       67
          OA332x1_ASAP7_75t_SL |                Tech |                       11
          OA333x1_ASAP7_75t_SL |                Tech |                        1
           OA33x2_ASAP7_75t_SL |                Tech |                       73
        OAI211xp5_ASAP7_75t_SL |                Tech |                      338
         OAI21xp5_ASAP7_75t_SL |                Tech |                      533
        OAI221xp5_ASAP7_75t_SL |                Tech |                      462
       OAI222xp33_ASAP7_75t_SL |                Tech |                       11
         OAI22xp5_ASAP7_75t_SL |                Tech |                     1160
       OAI311xp33_ASAP7_75t_SL |                Tech |                      217
        OAI31xp33_ASAP7_75t_SL |                Tech |                      172
       OAI321xp33_ASAP7_75t_SL |                Tech |                      619
       OAI322xp33_ASAP7_75t_SL |                Tech |                      193
        OAI32xp33_ASAP7_75t_SL |                Tech |                      375
       OAI331xp33_ASAP7_75t_SL |                Tech |                      155
       OAI332xp33_ASAP7_75t_SL |                Tech |                       16
       OAI333xp33_ASAP7_75t_SL |                Tech |                       50
        OAI33xp33_ASAP7_75t_SL |                Tech |                       80
            OR2x2_ASAP7_75t_SL |                Tech |                      626
            OR3x1_ASAP7_75t_SL |                Tech |                       45
            OR4x1_ASAP7_75t_SL |                Tech |                        9
            OR5x1_ASAP7_75t_SL |                Tech |                      101
           TAPCELL_ASAP7_75t_L |                Tech |                    10350
          XNOR2x2_ASAP7_75t_SL |                Tech |                        1
          XNOR2xp5_ASAP7_75t_L |                Tech |                       10
         XNOR2xp5_ASAP7_75t_SL |                Tech |                     3236
           XOR2xp5_ASAP7_75t_L |                Tech |                        5
          XOR2xp5_ASAP7_75t_SL |                Tech |                     1116
