Voltage source current:
      Range  Source       Source        Location    Layer
      Index  Current      Name          (um)
      -----  --------     -------------------------------
         2    2.6733e-03A   pad_vss_3   382.97, 202.96  M5
         6    1.5914e-03A   pad_vss_2   382.97, 2.30  M5
         3    2.4758e-03A   pad_vss_1   2.30, 202.96  M5
         8    9.3419e-04A   pad_vss_0   2.30, 2.30  M5
         1    3.0087e-03A   pad_vss_7   202.90, 382.97  M6
         5    1.7380e-03A   pad_vss_6   2.30, 382.97  M6
         2    2.5571e-03A   pad_vss_5   202.90, 2.30  M6
         8    1.0128e-03A   pad_vss_4   2.30, 2.30  M6
*
* Data filtering results for voltage source current:
  Minimum, Average, Maximum Voltage Source Current: 0.934mA, 1.999mA, 3.009mA
  Total Current: 15.991mA
    Range 1(   2.749mA  -     3.009mA ):         1 ( 12.50%)
    Range 2(   2.490mA  -     2.749mA ):         2 ( 25.00%)
    Range 3(   2.231mA  -     2.490mA ):         1 ( 12.50%)
    Range 4(   1.971mA  -     2.231mA ):         0 (  0.00%)
    Range 5(   1.712mA  -     1.971mA ):         1 ( 12.50%)
    Range 6(   1.453mA  -     1.712mA ):         1 ( 12.50%)
    Range 7(   1.194mA  -     1.453mA ):         0 (  0.00%)
    Range 8(   0.934mA  -     1.194mA ):         2 ( 25.00%)
