Voltage source current:
      Range  Source       Source        Location    Layer
      Index  Current      Name          (um)
      -----  --------     -------------------------------
         3   -3.1081e-03A   pad_vdd_3   380.41, 201.23  M5
         7   -1.1858e-03A   pad_vdd_2   380.41, 4.86  M5
         4   -2.7207e-03A   pad_vdd_1   4.86, 201.23  M5
         8   -6.8026e-04A   pad_vdd_0   4.86, 4.86  M5
         1   -3.9978e-03A   pad_vdd_7   201.60, 380.41  M6
         5   -2.1645e-03A   pad_vdd_6   4.86, 380.41  M6
         6   -1.8056e-03A   pad_vdd_5   201.60, 4.86  M6
         8   -6.4777e-04A   pad_vdd_4   4.86, 4.86  M6
*
* Data filtering results for voltage source current:
  Minimum, Average, Maximum Voltage Source Current: -3.998mA, -2.039mA, -0.648mA
  Total Current: -16.311mA
    Range 1(  -3.998mA  -    -3.579mA ):         1 ( 12.50%)
    Range 2(  -3.579mA  -    -3.160mA ):         0 (  0.00%)
    Range 3(  -3.160mA  -    -2.742mA ):         1 ( 12.50%)
    Range 4(  -2.742mA  -    -2.323mA ):         1 ( 12.50%)
    Range 5(  -2.323mA  -    -1.904mA ):         1 ( 12.50%)
    Range 6(  -1.904mA  -    -1.485mA ):         1 ( 12.50%)
    Range 7(  -1.485mA  -    -1.067mA ):         1 ( 12.50%)
    Range 8(  -1.067mA  -    -0.648mA ):         2 ( 25.00%)
