Voltage source current:
      Range  Source       Source        Location    Layer
      Index  Current      Name          (um)
      -----  --------     -------------------------------
         2   -2.9163e-03A   pad_vdd_3   380.41, 201.23  M5
         5   -1.6873e-03A   pad_vdd_2   380.41, 4.86  M5
         4   -2.2222e-03A   pad_vdd_1   4.86, 201.23  M5
         8   -6.1144e-04A   pad_vdd_0   4.86, 4.86  M5
         1   -3.3609e-03A   pad_vdd_7   201.60, 380.41  M6
         5   -1.7306e-03A   pad_vdd_6   4.86, 380.41  M6
         5   -1.9394e-03A   pad_vdd_5   201.60, 4.86  M6
         8   -5.9193e-04A   pad_vdd_4   4.86, 4.86  M6
*
* Data filtering results for voltage source current:
  Minimum, Average, Maximum Voltage Source Current: -3.361mA, -1.883mA, -0.592mA
  Total Current: -15.060mA
    Range 1(  -3.361mA  -    -3.015mA ):         1 ( 12.50%)
    Range 2(  -3.015mA  -    -2.669mA ):         1 ( 12.50%)
    Range 3(  -2.669mA  -    -2.323mA ):         0 (  0.00%)
    Range 4(  -2.323mA  -    -1.976mA ):         1 ( 12.50%)
    Range 5(  -1.976mA  -    -1.630mA ):         3 ( 37.50%)
    Range 6(  -1.630mA  -    -1.284mA ):         0 (  0.00%)
    Range 7(  -1.284mA  -    -0.938mA ):         0 (  0.00%)
    Range 8(  -0.938mA  -    -0.592mA ):         2 ( 25.00%)
