Voltage source current:
      Range  Source       Source        Location    Layer
      Index  Current      Name          (um)
      -----  --------     -------------------------------
         3   -2.5042e-03A   pad_vdd_3   380.41, 201.23  M5
         5   -1.6618e-03A   pad_vdd_2   380.41, 4.86  M5
         3   -2.2427e-03A   pad_vdd_1   4.86, 201.23  M5
         8   -5.8711e-04A   pad_vdd_0   4.86, 4.86  M5
         1   -3.2190e-03A   pad_vdd_7   201.60, 380.41  M6
         5   -1.7575e-03A   pad_vdd_6   4.86, 380.41  M6
         5   -1.8394e-03A   pad_vdd_5   201.60, 4.86  M6
         8   -5.6330e-04A   pad_vdd_4   4.86, 4.86  M6
*
* Data filtering results for voltage source current:
  Minimum, Average, Maximum Voltage Source Current: -3.219mA, -1.797mA, -0.563mA
  Total Current: -14.375mA
    Range 1(  -3.219mA  -    -2.887mA ):         1 ( 12.50%)
    Range 2(  -2.887mA  -    -2.555mA ):         0 (  0.00%)
    Range 3(  -2.555mA  -    -2.223mA ):         2 ( 25.00%)
    Range 4(  -2.223mA  -    -1.891mA ):         0 (  0.00%)
    Range 5(  -1.891mA  -    -1.559mA ):         3 ( 37.50%)
    Range 6(  -1.559mA  -    -1.227mA ):         0 (  0.00%)
    Range 7(  -1.227mA  -    -0.895mA ):         0 (  0.00%)
    Range 8(  -0.895mA  -    -0.563mA ):         2 ( 25.00%)
