Voltage source current:
      Range  Source       Source        Location    Layer
      Index  Current      Name          (um)
      -----  --------     -------------------------------
         1   -2.7199e-03A   pad_vdd_3   380.41, 201.23  M5
         5   -1.7118e-03A   pad_vdd_2   380.41, 4.86  M5
         1   -2.6713e-03A   pad_vdd_1   4.86, 201.23  M5
         8   -1.0716e-03A   pad_vdd_0   4.86, 4.86  M5
         1   -2.6547e-03A   pad_vdd_7   201.60, 380.41  M6
         5   -1.7434e-03A   pad_vdd_6   4.86, 380.41  M6
         2   -2.5076e-03A   pad_vdd_5   201.60, 4.86  M6
         8   -1.0681e-03A   pad_vdd_4   4.86, 4.86  M6
*
* Data filtering results for voltage source current:
  Minimum, Average, Maximum Voltage Source Current: -2.720mA, -2.019mA, -1.068mA
  Total Current: -16.148mA
    Range 1(  -2.720mA  -    -2.513mA ):         3 ( 37.50%)
    Range 2(  -2.513mA  -    -2.307mA ):         1 ( 12.50%)
    Range 3(  -2.307mA  -    -2.100mA ):         0 (  0.00%)
    Range 4(  -2.100mA  -    -1.894mA ):         0 (  0.00%)
    Range 5(  -1.894mA  -    -1.688mA ):         2 ( 25.00%)
    Range 6(  -1.688mA  -    -1.481mA ):         0 (  0.00%)
    Range 7(  -1.481mA  -    -1.275mA ):         0 (  0.00%)
    Range 8(  -1.275mA  -    -1.068mA ):         2 ( 25.00%)
